[{"stream_name":"stderr","time":6.396429556,"data":"Cloning into '/kaggle/working/repo'...\n"}
,{"stream_name":"stdout","time":14.923063973,"data":"Found dataset at: /kaggle/input/datasets/shlokkvaishnav/isro-ridge-tiles\n"}
,{"stream_name":"stdout","time":15.182170868,"data":"Using device: cuda\n"}
,{"stream_name":"stdout","time":15.450583768,"data":"Dataset: 120 tiles (114 train / 6 held out by id)\n"}
,{"stream_name":"stdout","time":36.967162034,"data":"epoch 1/60  train_loss=0.6905  val_loss=0.7098\n"}
,{"stream_name":"stdout","time":49.871896926,"data":"epoch 2/60  train_loss=0.6034  val_loss=0.6565\n"}
,{"stream_name":"stdout","time":63.051214512,"data":"epoch 3/60  train_loss=0.5159  val_loss=0.6589\n"}
,{"stream_name":"stdout","time":76.252638639,"data":"epoch 4/60  train_loss=0.4975  val_loss=0.6485\n"}
,{"stream_name":"stdout","time":89.046534482,"data":"epoch 5/60  train_loss=0.4950  val_loss=0.5830\n"}
,{"stream_name":"stdout","time":102.062161428,"data":"epoch 6/60  train_loss=0.4803  val_loss=0.5837\n"}
,{"stream_name":"stdout","time":115.335496465,"data":"epoch 7/60  train_loss=0.4751  val_loss=0.5535\n"}
,{"stream_name":"stdout","time":128.428100015,"data":"epoch 8/60  train_loss=0.4685  val_loss=0.5625\n"}
,{"stream_name":"stdout","time":141.525854199,"data":"epoch 9/60  train_loss=0.4643  val_loss=0.5720\n"}
,{"stream_name":"stdout","time":154.343515476,"data":"epoch 10/60  train_loss=0.4611  val_loss=0.7574\n"}
,{"stream_name":"stdout","time":167.558957898,"data":"epoch 11/60  train_loss=0.4705  val_loss=0.6125\n"}
,{"stream_name":"stdout","time":180.848653822,"data":"epoch 12/60  train_loss=0.4533  val_loss=0.6002\n"}
,{"stream_name":"stdout","time":193.967119374,"data":"epoch 13/60  train_loss=0.4446  val_loss=0.7236\n"}
,{"stream_name":"stdout","time":207.122690198,"data":"epoch 14/60  train_loss=0.4462  val_loss=0.5663\n"}
,{"stream_name":"stdout","time":220.104246052,"data":"epoch 15/60  train_loss=0.4438  val_loss=0.5721\n"}
,{"stream_name":"stdout","time":233.348932806,"data":"epoch 16/60  train_loss=0.4409  val_loss=0.5881\n"}
,{"stream_name":"stdout","time":246.535465062,"data":"epoch 17/60  train_loss=0.4385  val_loss=0.6009\n"}
,{"stream_name":"stdout","time":259.638636402,"data":"epoch 18/60  train_loss=0.4270  val_loss=0.6475\n"}
,{"stream_name":"stdout","time":272.688147064,"data":"epoch 19/60  train_loss=0.4241  val_loss=0.7016\n"}
,{"stream_name":"stdout","time":285.806415955,"data":"epoch 20/60  train_loss=0.4221  val_loss=0.6483\n"}
,{"stream_name":"stdout","time":298.852933302,"data":"epoch 21/60  train_loss=0.4189  val_loss=0.9490\n"}
,{"stream_name":"stdout","time":311.967479155,"data":"epoch 22/60  train_loss=0.4059  val_loss=0.6764\n"}
,{"stream_name":"stdout","time":325.128318799,"data":"epoch 23/60  train_loss=0.4000  val_loss=0.8473\n"}
,{"stream_name":"stdout","time":338.071014601,"data":"epoch 24/60  train_loss=0.3930  val_loss=1.1894\n"}
,{"stream_name":"stdout","time":350.951024189,"data":"epoch 25/60  train_loss=0.3919  val_loss=0.7328\n"}
,{"stream_name":"stdout","time":363.990448435,"data":"epoch 26/60  train_loss=0.3751  val_loss=0.7299\n"}
,{"stream_name":"stdout","time":377.258966507,"data":"epoch 27/60  train_loss=0.3601  val_loss=0.9765\n"}
,{"stream_name":"stdout","time":390.716016518,"data":"epoch 28/60  train_loss=0.3466  val_loss=0.7629\n"}
,{"stream_name":"stdout","time":403.981947748,"data":"epoch 29/60  train_loss=0.3526  val_loss=1.0340\n"}
,{"stream_name":"stdout","time":417.240261314,"data":"epoch 30/60  train_loss=0.3351  val_loss=1.1318\n"}
,{"stream_name":"stdout","time":430.47185973,"data":"epoch 31/60  train_loss=0.3559  val_loss=0.7375\n"}
,{"stream_name":"stdout","time":443.788021225,"data":"epoch 32/60  train_loss=0.3260  val_loss=0.7955\n"}
,{"stream_name":"stdout","time":456.909893553,"data":"epoch 33/60  train_loss=0.3217  val_loss=1.0524\n"}
,{"stream_name":"stdout","time":470.305700282,"data":"epoch 34/60  train_loss=0.3186  val_loss=0.7688\n"}
,{"stream_name":"stdout","time":483.546791675,"data":"epoch 35/60  train_loss=0.3053  val_loss=1.0025\n"}
,{"stream_name":"stdout","time":496.928164895,"data":"epoch 36/60  train_loss=0.2741  val_loss=1.2343\n"}
,{"stream_name":"stdout","time":510.108737864,"data":"epoch 37/60  train_loss=0.2907  val_loss=0.9776\n"}
,{"stream_name":"stdout","time":523.303741253,"data":"epoch 38/60  train_loss=0.2993  val_loss=0.7678\n"}
,{"stream_name":"stdout","time":536.579167972,"data":"epoch 39/60  train_loss=0.2719  val_loss=0.8578\n"}
,{"stream_name":"stdout","time":549.659233053,"data":"epoch 40/60  train_loss=0.2495  val_loss=1.1192\n"}
,{"stream_name":"stdout","time":562.729050749,"data":"epoch 41/60  train_loss=0.2718  val_loss=1.5068\n"}
,{"stream_name":"stdout","time":575.854102007,"data":"epoch 42/60  train_loss=0.2811  val_loss=1.0373\n"}
,{"stream_name":"stdout","time":589.061709863,"data":"epoch 43/60  train_loss=0.2722  val_loss=0.9536\n"}
,{"stream_name":"stdout","time":602.490239488,"data":"epoch 44/60  train_loss=0.2346  val_loss=1.2599\n"}
,{"stream_name":"stdout","time":615.710963168,"data":"epoch 45/60  train_loss=0.2243  val_loss=1.0212\n"}
,{"stream_name":"stdout","time":628.519438774,"data":"epoch 46/60  train_loss=0.2190  val_loss=0.9653\n"}
,{"stream_name":"stdout","time":641.566731828,"data":"epoch 47/60  train_loss=0.2226  val_loss=1.4969\n"}
,{"stream_name":"stdout","time":654.6737264,"data":"epoch 48/60  train_loss=0.2363  val_loss=2.5072\n"}
,{"stream_name":"stdout","time":667.639998645,"data":"epoch 49/60  train_loss=0.2288  val_loss=0.9324\n"}
,{"stream_name":"stdout","time":680.456312937,"data":"epoch 50/60  train_loss=0.2162  val_loss=0.9926\n"}
,{"stream_name":"stdout","time":693.480392015,"data":"epoch 51/60  train_loss=0.1948  val_loss=1.1580\n"}
,{"stream_name":"stdout","time":706.581571919,"data":"epoch 52/60  train_loss=0.1851  val_loss=1.1403\n"}
,{"stream_name":"stdout","time":719.818921424,"data":"epoch 53/60  train_loss=0.2094  val_loss=1.2097\n"}
,{"stream_name":"stdout","time":733.486292631,"data":"epoch 54/60  train_loss=0.1989  val_loss=1.9310\n"}
,{"stream_name":"stdout","time":746.879980663,"data":"epoch 55/60  train_loss=0.1972  val_loss=1.1238\n"}
,{"stream_name":"stdout","time":759.900827772,"data":"epoch 56/60  train_loss=0.1798  val_loss=1.0772\n"}
,{"stream_name":"stdout","time":773.104798165,"data":"epoch 57/60  train_loss=0.1794  val_loss=1.3497\n"}
,{"stream_name":"stdout","time":786.656587855,"data":"epoch 58/60  train_loss=0.2052  val_loss=1.4117\n"}
,{"stream_name":"stdout","time":800.209371514,"data":"epoch 59/60  train_loss=0.1974  val_loss=1.1161\n"}
,{"stream_name":"stdout","time":813.593883138,"data":"epoch 60/60  train_loss=0.1760  val_loss=1.4512\n"}
,{"stream_name":"stdout","time":813.628110519,"data":"Saved model (final + best, epoch 7), history, and val split to /kaggle/working/arm_c\n"}
,{"stream_name":"stdout","time":814.121338276,"data":"FINAL checkpoint (epoch 60)  -- Recall: 12/57 (21.1%)  Coverage: 18.9%\n"}
,{"stream_name":"stdout","time":814.459948827,"data":"BEST checkpoint (epoch 7)  -- Recall: 40/57 (70.2%)  Coverage: 31.8%\n"}
,{"stream_name":"stderr","time":820.055183384,"data":"/usr/local/lib/python3.12/dist-packages/mistune.py:435: SyntaxWarning: invalid escape sequence '\\|'\n"}
,{"stream_name":"stderr","time":820.05522598,"data":"  cells[i][c] = re.sub('\\\\\\\\\\|', '|', cell)\n"}
,{"stream_name":"stderr","time":820.386572692,"data":"/usr/local/lib/python3.12/dist-packages/nbconvert/filters/filter_links.py:36: SyntaxWarning: invalid escape sequence '\\_'\n"}
,{"stream_name":"stderr","time":820.386603176,"data":"  text = re.sub(r'_', '\\_', text) # Escape underscores in display text\n"}
,{"stream_name":"stderr","time":821.135292844,"data":"[NbConvertApp] Converting notebook __script__.ipynb to html\n"}
,{"stream_name":"stderr","time":822.650291745,"data":"[NbConvertApp] Writing 290039 bytes to __results__.html\n"}
]